[2026-08-24 05:09:46] Compartment: ocid1.tenancy.oc1..aaaaaaaa6lyqrtz5cfo3tovhxhegtzeu6ca4n6y4cs7gvgekn7wicump265a
[2026-08-24 05:09:48] Home region: us-chicago-1
[2026-08-24 05:09:50] Availability domains: gzSf:US-CHICAGO-1-AD-1 gzSf:US-CHICAGO-1-AD-2 gzSf:US-CHICAGO-1-AD-3
[2026-08-24 05:09:52] Image: ocid1.image.oc1.us-chicago-1.aaaaaaaaol7tabwitv6c7zizomgfsao3cvyf4fl6jcjbv2hpx27h5uuo2cla
[2026-08-24 05:09:54] Reusing existing subnet ocid1.subnet.oc1.us-chicago-1.aaaaaaaa5cayswr7lwkegp6tisk3y4q3skym5zqg6iu4hovhtrsbt2mg2y6a
[2026-08-24 05:10:01] Round 1 · trying gzSf:US-CHICAGO-1-AD-1 (2 OCPU / 12 GB)…
[2026-08-24 05:11:47]   gzSf:US-CHICAGO-1-AD-1: no ARM capacity yet.
[2026-08-24 05:11:49] Round 1 · trying gzSf:US-CHICAGO-1-AD-2 (2 OCPU / 12 GB)…
[2026-08-24 05:13:33]   gzSf:US-CHICAGO-1-AD-2: no ARM capacity yet.
[2026-08-24 05:13:35] Round 1 · trying gzSf:US-CHICAGO-1-AD-3 (2 OCPU / 12 GB)…
[2026-08-24 05:15:21]   gzSf:US-CHICAGO-1-AD-3: no ARM capacity yet.
[2026-08-24 05:15:21] Sleeping 361s before round 2…
[2026-08-24 05:21:24] Round 2 · trying gzSf:US-CHICAGO-1-AD-1 (2 OCPU / 12 GB)…
[2026-08-24 05:23:10]   gzSf:US-CHICAGO-1-AD-1: unexpected error — "code": "TooManyRequests" "message": "Too many requests for the user" "status": 429 
[2026-08-24 05:23:12] Round 2 · trying gzSf:US-CHICAGO-1-AD-2 (2 OCPU / 12 GB)…
[2026-08-24 05:25:00]   gzSf:US-CHICAGO-1-AD-2: no ARM capacity yet.
[2026-08-24 05:25:01] Round 2 · trying gzSf:US-CHICAGO-1-AD-3 (2 OCPU / 12 GB)…
[2026-08-24 05:26:48]   gzSf:US-CHICAGO-1-AD-3: unexpected error — "code": "TooManyRequests" "message": "Too many requests for the user" "status": 429 
[2026-08-24 05:26:48] Sleeping 388s before round 3…
[2026-08-24 05:28:44] Compartment: ocid1.tenancy.oc1..aaaaaaaa6lyqrtz5cfo3tovhxhegtzeu6ca4n6y4cs7gvgekn7wicump265a
[2026-08-24 05:28:46] Home region: us-chicago-1
[2026-08-24 05:28:48] Availability domains: gzSf:US-CHICAGO-1-AD-1 gzSf:US-CHICAGO-1-AD-2 gzSf:US-CHICAGO-1-AD-3
[2026-08-24 05:28:51] Image: ocid1.image.oc1.us-chicago-1.aaaaaaaaol7tabwitv6c7zizomgfsao3cvyf4fl6jcjbv2hpx27h5uuo2cla
[2026-08-24 05:28:53] Reusing existing subnet ocid1.subnet.oc1.us-chicago-1.aaaaaaaa5cayswr7lwkegp6tisk3y4q3skym5zqg6iu4hovhtrsbt2mg2y6a
[2026-08-24 05:29:01] Round 1 · trying gzSf:US-CHICAGO-1-AD-1 (2 OCPU / 12 GB)…
[2026-08-24 05:30:47]   gzSf:US-CHICAGO-1-AD-1: no ARM capacity yet.
[2026-08-24 05:31:47] Round 1 · trying gzSf:US-CHICAGO-1-AD-2 (2 OCPU / 12 GB)…
[2026-08-24 05:33:34]   gzSf:US-CHICAGO-1-AD-2: no ARM capacity yet.
